Microchip MPLAB XC8 Compiler V1.12 ()

Linker command line:

--edf=/Applications/microchip/xc8/v1.12/dat/en_msgs.txt -cs \
  -h+dist/UseXC8/debug/Framework.X.debug.sym -z -Q18F26J50 -ol.obj \
  -Mdist/UseXC8/debug/Framework.X.debug.map -E1 -ver=XC8 -ACODE=00h-0FFF7h \
  -ACONST=00h-0FFF7h -ASMALLCONST=0F00h-0FFFhx240,0FF00h-0FFF7h \
  -AMEDIUMCONST=0F00h-0FFF7h -ACOMRAM=01h-05Fh -AABS1=00h-0EBFh \
  -ABIGRAM=01h-0EBFh -ARAM=060h-0FFh,0100h-01FFhx13,0E00h-0EBFh \
  -ABANK0=060h-0FFh -ABANK1=0100h-01FFh -ABANK2=0200h-02FFh \
  -ABANK3=0300h-03FFh -ABANK4=0400h-04FFh -ABANK5=0500h-05FFh \
  -ABANK6=0600h-06FFh -ABANK7=0700h-07FFh -ABANK8=0800h-08FFh \
  -ABANK9=0900h-09FFh -ABANK10=0A00h-0AFFh -ABANK11=0B00h-0BFFh \
  -ABANK12=0C00h-0CFFh -ABANK13=0D00h-0DFFh -ABANK14=0E00h-0EBFh \
  -ASFR=0EC0h-0EFFh,0F00h-0F5Fh,0F60h-0FFCh \
  -preset_vec=00h,intcode=08h,intcodelo=018h,powerup,init,end_init \
  -pramtop=0F00h -psmallconst=SMALLCONST -pmediumconst=MEDIUMCONST \
  -pconst=CONST -AFARRAM=00h-00h -ACONFIG=0FFF8h-0FFFFh -pconfig=CONFIG \
  -pjflash_buffer=0F800h \
  -prdata=COMRAM,nvrram=COMRAM,nvbit=COMRAM,rbss=COMRAM,rbit=COMRAM \
  -pfarbss=FARRAM,fardata=FARRAM \
  -pintsave_regs=BIGRAM,bigbss=BIGRAM,bigdata=BIGRAM -pbss=RAM \
  -pidata=CODE,irdata=CODE,ibigdata=CODE,ifardata=CODE /tmp/cgtFWYq27.obj \
  dist/UseXC8/debug/Framework.X.debug.obj 

Object code version is 3.10

Machine type is 18F26J50

Call graph: (short form)




                Name                               Link     Load   Length Selector   Space Scale
/tmp/cgtFWYq27.obj
                end_init                             C2       C2        4        C       0
                reset_vec                             0        0        6        0       0
                config                             FFF8     FFF8        8     FFF8       0
dist/UseXC8/debug/Framework.X.debug.obj
                intcodelo                            18       18       AA        C       0
                intcode                               8        8       10        4       0
                text60                             24C6     24C6       56        C       0
                text59                             26B4     26B4       38        C       0
                text58                             1864     1864      106        C       0
                text57                             2838     2838       2C        C       0
                text56                             150C     150C      140        C       0
                text55                             2918     2918       14        C       0
                text54                             23BA     23BA       5E        C       0
                text53                             1240     1240      18C        C       0
                text52                             256A     256A       4C        C       0
                text51                              E66      E66      1F6        C       0
                text50                              C3C      C3C      22A        C       0
                text49                             105C     105C      1E4        C       0
                text48                             2962     2962       12        C       0
                text47                             1A5E     1A5E       DA        C       0
                text46                             2986     2986        6        C       0
                text45                             2782     2782       30        C       0
                text44                             280C     280C       2C        C       0
                text43                             1F4A     1F4A       9A        C       0
                text42                             196A     196A       F4        C       0
                text41                             1D56     1D56       AC        C       0
                text40                               C6       C6      7C4        C       0
                intcode_body                       207C     207C       98        C       0
                text38                             25B6     25B6       48        C       0
                text37                             1CA4     1CA4       B2        C       0
                text36                             2950     2950       12        C       0
                text35                             293E     293E       12        C       0
                text34                             267C     267C       38        C       0
                text33                             28B2     28B2       24        C       0
                text32                             1BEE     1BEE       B6        C       0
                text31                             26EC     26EC       36        C       0
                text29                             2292     2292       68        C       0
                text28                             1EAA     1EAA       A0        C       0
                text27                             2904     2904       14        C       0
                text26                             2644     2644       38        C       0
                text25                             2470     2470       56        C       0
                text24                             175E     175E      106        C       0
                text23                             27E0     27E0       2C        C       0
                text22                             13CC     13CC      140        C       0
                text21                             219A     219A       86        C       0
                text20                             251C     251C       4E        C       0
                text19                             2114     2114       86        C       0
                text18                             2752     2752       30        C       0
                text17                             164C     164C      112        C       0
                text16                             2974     2974        A        C       0
                text15                             2722     2722       30        C       0
                text14                             28F0     28F0       14        C       0
                text13                             235C     235C       5E        C       0
                text12                             2418     2418       58        C       0
                text11                             1B38     1B38       B6        C       0
                text10                             297E     297E        8        C       0
                text9                              28D6     28D6       1A        C       0
                text8                              22FA     22FA       62        C       0
                text7                              292C     292C       12        C       0
                text6                              2220     2220       72        C       0
                text5                              2864     2864       2A        C       0
                text4                              25FE     25FE       46        C       0
                text3                              1E02     1E02       A8        C       0
                text2                              1FE4     1FE4       98        C       0
                text1                              288E     288E       24        C       0
                text0                               88A      88A      3B2        C       0
                cstackCOMRAM                          1        1       2F        1       1
                cstackBANK0                          60       60       50       60       1
                cstackBANK1                         198      198       60      100       1
                bssBANK2                            200      200       36      200       1
                bssBANK1                            100      100       98      100       1
                bssBANK0                             B0       B0       37       60       1
                bssCOMRAM                            32       32        2        1       1
                cinit                              27B2     27B2       2E        C       0
                nvBANK1                             1F8      1F8        2      100       1
                nvCOMRAM                             30       30        2        1       1

TOTAL           Name                               Link     Load   Length     Space
        CLASS   CODE           
                end_init                             C2       C2        4         0
                intcodelo                            18       18       AA         0
                intcode                               8        8       10         0
                reset_vec                             0        0        6         0
                text60                             24C6     24C6       56         0
                text59                             26B4     26B4       38         0
                text58                             1864     1864      106         0
                text57                             2838     2838       2C         0
                text56                             150C     150C      140         0
                text55                             2918     2918       14         0
                text54                             23BA     23BA       5E         0
                text53                             1240     1240      18C         0
                text52                             256A     256A       4C         0
                text51                              E66      E66      1F6         0
                text50                              C3C      C3C      22A         0
                text49                             105C     105C      1E4         0
                text48                             2962     2962       12         0
                text47                             1A5E     1A5E       DA         0
                text46                             2986     2986        6         0
                text45                             2782     2782       30         0
                text44                             280C     280C       2C         0
                text43                             1F4A     1F4A       9A         0
                text42                             196A     196A       F4         0
                text41                             1D56     1D56       AC         0
                text40                               C6       C6      7C4         0
                intcode_body                       207C     207C       98         0
                text38                             25B6     25B6       48         0
                text37                             1CA4     1CA4       B2         0
                text36                             2950     2950       12         0
                text35                             293E     293E       12         0
                text34                             267C     267C       38         0
                text33                             28B2     28B2       24         0
                text32                             1BEE     1BEE       B6         0
                text31                             26EC     26EC       36         0
                text29                             2292     2292       68         0
                text28                             1EAA     1EAA       A0         0
                text27                             2904     2904       14         0
                text26                             2644     2644       38         0
                text25                             2470     2470       56         0
                text24                             175E     175E      106         0
                text23                             27E0     27E0       2C         0
                text22                             13CC     13CC      140         0
                text21                             219A     219A       86         0
                text20                             251C     251C       4E         0
                text19                             2114     2114       86         0
                text18                             2752     2752       30         0
                text17                             164C     164C      112         0
                text16                             2974     2974        A         0
                text15                             2722     2722       30         0
                text14                             28F0     28F0       14         0
                text13                             235C     235C       5E         0
                text12                             2418     2418       58         0
                text11                             1B38     1B38       B6         0
                text10                             297E     297E        8         0
                text9                              28D6     28D6       1A         0
                text8                              22FA     22FA       62         0
                text7                              292C     292C       12         0
                text6                              2220     2220       72         0
                text5                              2864     2864       2A         0
                text4                              25FE     25FE       46         0
                text3                              1E02     1E02       A8         0
                text2                              1FE4     1FE4       98         0
                text1                              288E     288E       24         0
                text0                               88A      88A      3B2         0
                cinit                              27B2     27B2       2E         0

        CLASS   CONST          

        CLASS   SMALLCONST     

        CLASS   MEDIUMCONST    

        CLASS   COMRAM         
                cstackCOMRAM                          1        1       2F         1
                bssCOMRAM                            32       32        2         1
                nvCOMRAM                             30       30        2         1

        CLASS   ABS1           

        CLASS   BIGRAM         

        CLASS   RAM            

        CLASS   BANK0          
                cstackBANK0                          60       60       50         1
                bssBANK0                             B0       B0       37         1

        CLASS   BANK1          
                cstackBANK1                         198      198       60         1
                bssBANK1                            100      100       98         1
                nvBANK1                             1F8      1F8        2         1

        CLASS   BANK2          
                bssBANK2                            200      200       36         1

        CLASS   BANK3          

        CLASS   BANK4          

        CLASS   BANK5          

        CLASS   BANK6          

        CLASS   BANK7          

        CLASS   BANK8          

        CLASS   BANK9          

        CLASS   BANK10         

        CLASS   BANK11         

        CLASS   BANK12         

        CLASS   BANK13         

        CLASS   BANK14         

        CLASS   SFR            

        CLASS   FARRAM         

        CLASS   CONFIG         
                config                             FFF8     FFF8        8         0

        CLASS   IDLOC          



SEGMENTS        Name                           Load    Length   Top    Selector   Space  Class

                reset_vec                      000000  000006  000006         0       0  CODE    
                cstackCOMRAM                   000001  000033  000034         1       1  COMRAM  
                intcode                        000008  000010  000018         4       0  CODE    
                intcodelo                      000018  002974  00298C         C       0  CODE    
                cstackBANK0                    000060  000087  0000E7        60       1  BANK0   
                bssBANK1                       000100  0000FA  0001FA       100       1  BANK1   
                bssBANK2                       000200  000036  000236       200       1  BANK2   
                config                         00FFF8  000008  010000      FFF8       0  CONFIG  


UNUSED ADDRESS RANGES

        Name                Unused          Largest block    Delta
        BANK0            000E7-000FF              19
        BANK1            001FA-001FF               6
        BANK10           00A00-00AFF             100
        BANK11           00B00-00BFF             100
        BANK12           00C00-00CFF             100
        BANK13           00D00-00DFF             100
        BANK14           00E00-00EBF              C0
        BANK2            00236-002FF              CA
        BANK3            00300-003FF             100
        BANK4            00400-004FF             100
        BANK5            00500-005FF             100
        BANK6            00600-006FF             100
        BANK7            00700-007FF             100
        BANK8            00800-008FF             100
        BANK9            00900-009FF             100
        BIGRAM           00034-0005F              2C
                         000E7-000FF              19
                         001FA-001FF               6
                         00236-00EBF             C8A
        CODE             00006-00007               2
                         0298C-0FFF7            D66C
        COMRAM           00034-0005F              2C
        CONST            00006-00007               2
                         0298C-0FFF7            D66C
        MEDIUMCONST      0298C-0FFF7            D66C
        RAM              000E7-000FF              19
                         001FA-001FF               6
                         00236-00EBF             100
        SFR              00EC0-00FFC              60
        SMALLCONST       0298C-0FFF7             100

                                  Symbol Table

?_Delay1KTCYx                   cstackBANK1   00198
?_FromMainHigh_recvmsg          cstackBANK0   00078
?_FromMainHigh_sendmsg          cstackBANK1   001AE
?_Open1USART                    cstackBANK1   00198
?_OpenTimer0                    cstackBANK1   00198
?_OpenTimer1                    cstackBANK1   00198
?_ReadTimer1                    cstackCOMRAM  00001
?_ToMainHigh_recvmsg            cstackBANK1   001B0
?_ToMainHigh_sendmsg            cstackBANK0   00076
?_ToMainLow_recvmsg             cstackBANK1   001B0
?_ToMainLow_sendmsg             cstackCOMRAM  00017
?_WriteTimer0                   cstackBANK0   00060
?_WriteTimer1                   cstackCOMRAM  00001
?___ftdiv                       cstackBANK0   0007E
?___ftmul                       cstackBANK0   0006D
?___ftpack                      cstackBANK0   00060
?___fttol                       cstackBANK0   0008F
?___lwmod                       cstackBANK1   00198
?___lwtoft                      cstackBANK0   00068
?___wmul                        cstackBANK1   00198
?_check_msg                     cstackBANK1   00198
?_handle_start                  cstackBANK0   00060
?_i2c_configure_slave           cstackBANK1   0019E
?_in_high_int                   cstackBANK1   00198
?_in_low_int                    cstackBANK1   0019A
?_in_main                       cstackBANK1   0019C
?_init_i2c                      cstackBANK1   00198
?_init_queue                    cstackBANK1   00198
?_init_timer1_lthread           cstackBANK1   00198
?_init_uart_recv                cstackBANK1   00198
?_memcpy                        cstackBANK1   00198
?_recv_msg                      cstackBANK1   001A2
?_send_msg                      cstackBANK1   001A2
?_start_i2c_slave_reply         cstackBANK1   00198
?_timer0_lthread                cstackBANK1   00198
?_timer1_lthread                cstackBANK1   001B2
?_uart_lthread                  cstackBANK1   00198
?i1_memcpy                      cstackCOMRAM  00001
?i1_send_msg                    cstackCOMRAM  0000B
?i2_ToMainLow_sendmsg           cstackBANK0   00076
?i2_check_msg                   cstackBANK0   00060
?i2_in_high_int                 cstackBANK0   00060
?i2_in_low_int                  cstackBANK0   00062
?i2_memcpy                      cstackBANK0   00060
?i2_recv_msg                    cstackBANK0   0006A
?i2_send_msg                    cstackBANK0   0006A
Delay1KTCYx@unit                cstackBANK1   00198
FromMainHigh_recvmsg@data       cstackBANK0   0007B
FromMainHigh_recvmsg@maxlength  cstackBANK0   00078
FromMainHigh_recvmsg@msgtype    cstackBANK0   00079
FromMainHigh_sendmsg@data       cstackBANK1   001B0
FromMainHigh_sendmsg@length     cstackBANK1   001AE
FromMainHigh_sendmsg@msgtype    cstackBANK1   001AF
Open1USART@config               cstackBANK1   00198
Open1USART@spbrg                cstackBANK1   00199
OpenTimer0@config               cstackBANK1   00198
OpenTimer1@config               cstackBANK1   00198
OpenTimer1@config1              cstackBANK1   00199
Read1USART@data                 cstackCOMRAM  00001
ReadTimer1@timer                cstackCOMRAM  00003
ToMainHigh_recvmsg@data         cstackBANK1   001B3
ToMainHigh_recvmsg@maxlength    cstackBANK1   001B0
ToMainHigh_recvmsg@msgtype      cstackBANK1   001B1
ToMainHigh_sendmsg@data         cstackBANK0   00078
ToMainHigh_sendmsg@length       cstackBANK0   00076
ToMainHigh_sendmsg@msgtype      cstackBANK0   00077
ToMainLow_recvmsg@data          cstackBANK1   001B3
ToMainLow_recvmsg@maxlength     cstackBANK1   001B0
ToMainLow_recvmsg@msgtype       cstackBANK1   001B1
ToMainLow_sendmsg@data          cstackCOMRAM  00019
ToMainLow_sendmsg@length        cstackCOMRAM  00017
ToMainLow_sendmsg@msgtype       cstackCOMRAM  00018
WriteTimer0@timer               cstackBANK0   00062
WriteTimer0@timer0              cstackBANK0   00060
WriteTimer1@timer               cstackCOMRAM  00003
WriteTimer1@timer1              cstackCOMRAM  00001
_ADCON0bits                     (abs)         00FC2
_ADCON1bits                     (abs)         00FC1
_ADRESH                         (abs)         00FC4
_ADRESL                         (abs)         00FC3
_ANCON0bits                     (abs)         00F48
_Delay1KTCYx                    text27        02904
_FromMainHigh_MQ                bssBANK2      00200
_FromMainHigh_recvmsg           text45        02782
_FromMainHigh_sendmsg           text23        027E0
_FromMainLow_MQ                 bssBANK1      00100
_INTCONbits                     (abs)         00FF2
_IPR1bits                       (abs)         00F9F
_InterruptHandlerHigh           intcode       00008
_InterruptHandlerLow            intcodelo     00018
_MQ_Main_Willing_to_block       bssBANK0      000B0
_OSCCON                         (abs)         00FD3
_OSCCONbits                     (abs)         00FD3
_OSCTUNEbits                    (abs)         00F9B
_Open1USART                     text2         01FE4
_OpenTimer0                     text5         02864
_OpenTimer1                     text4         025FE
_PIE1bits                       (abs)         00F9D
_PIR1bits                       (abs)         00F9E
_PORTBbits                      (abs)         00F81
_RCONbits                       (abs)         00FD0
_RCREG1                         (abs)         00FAF
_RCSTA1                         (abs)         00FAC
_RCSTA1bits                     (abs)         00FAC
_RCSTAbits                      (abs)         00FAC
_Read1USART                     text34        0267C
_ReadTimer1                     text35        0293E
_SPBRG1                         (abs)         00FB0
_SPBRGH1                        (abs)         00F7F
_SSPADD                         (abs)         00FC8
_SSPBUF                         (abs)         00FC9
_SSPCON1                        (abs)         00FC6
_SSPCON1bits                    (abs)         00FC6
_SSPCON2                        (abs)         00FC5
_SSPCON2bits                    (abs)         00FC5
_SSPSTAT                        (abs)         00FC7
_SSPSTATbits                    (abs)         00FC7
_SleepIfOkay                    text43        01F4A
_T0CON                          (abs)         00FD5
_T0CONbits                      (abs)         00FD5
_T1CON                          (abs)         00FCD
_T1CONbits                      (abs)         00FCD
_T1GCON                         (abs)         00F9A
_T1GCONbits                     (abs)         00F9A
_TMR0H                          (abs)         00FD7
_TMR0L                          (abs)         00FD6
_TMR1H                          (abs)         00FCF
_TMR1L                          (abs)         00FCE
_TRISA                          (abs)         00F92
_TXSTA1                         (abs)         00FAD
_TXSTA1bits                     (abs)         00FAD
_ToMainHigh_MQ                  bssBANK0      000B1
_ToMainHigh_recvmsg             text15        02722
_ToMainHigh_sendmsg             text44        0280C
_ToMainLow_MQ                   bssBANK1      00136
_ToMainLow_recvmsg              text18        02752
_ToMainLow_sendmsg              text33        028B2
_USART1_Status                  bssCOMRAM     00032
_WriteTimer0                    text48        02962
_WriteTimer1                    text36        02950
__CFG_CP0$OFF                   (abs)         00000
__CFG_CPUDIV$OSC1               (abs)         00000
__CFG_DSBOREN$OFF               (abs)         00000
__CFG_DSWDTEN$OFF               (abs)         00000
__CFG_DSWDTOSC$T1OSCREF         (abs)         00000
__CFG_DSWDTPS$G2                (abs)         00000
__CFG_FCMEN$OFF                 (abs)         00000
__CFG_IESO$ON                   (abs)         00000
__CFG_IOL1WAY$ON                (abs)         00000
__CFG_LPT1OSC$OFF               (abs)         00000
__CFG_MSSP7B_EN$MSK7            (abs)         00000
__CFG_OSC$HSPLL                 (abs)         00000
__CFG_PLLDIV$3                  (abs)         00000
__CFG_RTCOSC$T1OSCREF           (abs)         00000
__CFG_STVREN$OFF                (abs)         00000
__CFG_T1DIG$OFF                 (abs)         00000
__CFG_WDTEN$OFF                 (abs)         00000
__CFG_WDTPS$32768               (abs)         00000
__CFG_WPCFG$OFF                 (abs)         00000
__CFG_WPDIS$OFF                 (abs)         00000
__CFG_WPEND$PAGE_WPFP           (abs)         00000
__CFG_WPFP$PAGE_63              (abs)         00000
__CFG_XINST$OFF                 (abs)         00000
__HRAM                          (abs)         00000
__Habs1                         abs1          00000
__Hbank0                        bank0         00000
__Hbank1                        bank1         00000
__Hbank10                       bank10        00000
__Hbank11                       bank11        00000
__Hbank12                       bank12        00000
__Hbank13                       bank13        00000
__Hbank14                       bank14        00000
__Hbank2                        bank2         00000
__Hbank3                        bank3         00000
__Hbank4                        bank4         00000
__Hbank5                        bank5         00000
__Hbank6                        bank6         00000
__Hbank7                        bank7         00000
__Hbank8                        bank8         00000
__Hbank9                        bank9         00000
__Hbigbss                       bigbss        00000
__Hbigdata                      bigdata       00000
__Hbigram                       bigram        00000
__Hbss                          bss           00000
__HbssBANK0                     bssBANK0      00000
__HbssBANK1                     bssBANK1      00000
__HbssBANK2                     bssBANK2      00000
__HbssCOMRAM                    bssCOMRAM     00000
__Hcinit                        cinit         00000
__Hclrtext                      clrtext       00000
__Hcomram                       comram        00000
__Hconfig                       config        10000
__Hconst                        const         00000
__HcstackBANK0                  cstackBANK0   00000
__HcstackBANK1                  cstackBANK1   00000
__HcstackCOMRAM                 cstackCOMRAM  00000
__Hdata                         data          00000
__Hend_init                     end_init      000C6
__Hfarbss                       farbss        00000
__Hfardata                      fardata       00000
__Hibigdata                     ibigdata      00000
__Hidata                        idata         00000
__Hidloc                        idloc         00000
__Hifardata                     ifardata      00000
__Hinit                         init          000C2
__Hintcode                      intcode       00018
__Hintcode_body                 intcode_body  00000
__Hintcodelo                    intcodelo     000C2
__Hintentry                     intentry      00000
__Hintret                       intret        00000
__Hintsave_regs                 intsave_regs  00000
__Hirdata                       irdata        00000
__Hjflash_buffer                jflash_buffer 0F800
__Hmediumconst                  mediumconst   00000
__HnvBANK1                      nvBANK1       00000
__HnvCOMRAM                     nvCOMRAM      00000
__Hnvbit                        nvbit         00000
__Hnvrram                       nvrram        00000
__Hparam                        param0        00000
__Hparam0                       param0        00000
__Hpowerup                      powerup       000C2
__Hram                          ram           00000
__Hramtop                       ramtop        00F00
__Hrbit                         rbit          00000
__Hrbss                         rbss          00000
__Hrdata                        rdata         00000
__Hreset_vec                    reset_vec     00006
__Hsfr                          sfr           00000
__Hsmallconst                   smallconst    00000
__Hstruct                       struct        00000
__Htemp                         temp          00000
__Htext                         text          00000
__Htext0                        text0         00000
__Htext1                        text1         00000
__Htext10                       text10        00000
__Htext11                       text11        00000
__Htext12                       text12        00000
__Htext13                       text13        00000
__Htext14                       text14        00000
__Htext15                       text15        00000
__Htext16                       text16        00000
__Htext17                       text17        00000
__Htext18                       text18        00000
__Htext19                       text19        00000
__Htext2                        text2         00000
__Htext20                       text20        00000
__Htext21                       text21        00000
__Htext22                       text22        00000
__Htext23                       text23        00000
__Htext24                       text24        00000
__Htext25                       text25        00000
__Htext26                       text26        00000
__Htext27                       text27        00000
__Htext28                       text28        00000
__Htext29                       text29        00000
__Htext3                        text3         00000
__Htext31                       text31        00000
__Htext32                       text32        00000
__Htext33                       text33        00000
__Htext34                       text34        00000
__Htext35                       text35        00000
__Htext36                       text36        00000
__Htext37                       text37        00000
__Htext38                       text38        00000
__Htext4                        text4         00000
__Htext40                       text40        00000
__Htext41                       text41        00000
__Htext42                       text42        00000
__Htext43                       text43        00000
__Htext44                       text44        00000
__Htext45                       text45        00000
__Htext46                       text46        00000
__Htext47                       text47        00000
__Htext48                       text48        00000
__Htext49                       text49        00000
__Htext5                        text5         00000
__Htext50                       text50        00000
__Htext51                       text51        00000
__Htext52                       text52        00000
__Htext53                       text53        00000
__Htext54                       text54        00000
__Htext55                       text55        00000
__Htext56                       text56        00000
__Htext57                       text57        00000
__Htext58                       text58        00000
__Htext59                       text59        00000
__Htext6                        text6         00000
__Htext60                       text60        00000
__Htext61                       text61        00000
__Htext7                        text7         00000
__Htext8                        text8         00000
__Htext9                        text9         00000
__LRAM                          (abs)         00001
__Labs1                         abs1          00000
__Lbank0                        bank0         00000
__Lbank1                        bank1         00000
__Lbank10                       bank10        00000
__Lbank11                       bank11        00000
__Lbank12                       bank12        00000
__Lbank13                       bank13        00000
__Lbank14                       bank14        00000
__Lbank2                        bank2         00000
__Lbank3                        bank3         00000
__Lbank4                        bank4         00000
__Lbank5                        bank5         00000
__Lbank6                        bank6         00000
__Lbank7                        bank7         00000
__Lbank8                        bank8         00000
__Lbank9                        bank9         00000
__Lbigbss                       bigbss        00000
__Lbigdata                      bigdata       00000
__Lbigram                       bigram        00000
__Lbss                          bss           00000
__LbssBANK0                     bssBANK0      00000
__LbssBANK1                     bssBANK1      00000
__LbssBANK2                     bssBANK2      00000
__LbssCOMRAM                    bssCOMRAM     00000
__Lcinit                        cinit         00000
__Lclrtext                      clrtext       00000
__Lcomram                       comram        00000
__Lconfig                       config        0FFF8
__Lconst                        const         00000
__LcstackBANK0                  cstackBANK0   00000
__LcstackBANK1                  cstackBANK1   00000
__LcstackCOMRAM                 cstackCOMRAM  00000
__Ldata                         data          00000
__Lend_init                     end_init      000C2
__Lfarbss                       farbss        00000
__Lfardata                      fardata       00000
__Libigdata                     ibigdata      00000
__Lidata                        idata         00000
__Lidloc                        idloc         00000
__Lifardata                     ifardata      00000
__Linit                         init          000C2
__Lintcode                      intcode       00008
__Lintcode_body                 intcode_body  00000
__Lintcodelo                    intcodelo     00018
__Lintentry                     intentry      00000
__Lintret                       intret        00000
__Lintsave_regs                 intsave_regs  00000
__Lirdata                       irdata        00000
__Ljflash_buffer                jflash_buffer 0F800
__Lmediumconst                  mediumconst   00000
__LnvBANK1                      nvBANK1       00000
__LnvCOMRAM                     nvCOMRAM      00000
__Lnvbit                        nvbit         00000
__Lnvrram                       nvrram        00000
__Lparam                        param0        00000
__Lparam0                       param0        00000
__Lpowerup                      powerup       000C2
__Lram                          ram           00000
__Lramtop                       ramtop        00F00
__Lrbit                         rbit          00000
__Lrbss                         rbss          00000
__Lrdata                        rdata         00000
__Lreset_vec                    reset_vec     00000
__Lsfr                          sfr           00000
__Lsmallconst                   smallconst    00000
__Lstruct                       struct        00000
__Ltemp                         temp          00000
__Ltext                         text          00000
__Ltext0                        text0         00000
__Ltext1                        text1         00000
__Ltext10                       text10        00000
__Ltext11                       text11        00000
__Ltext12                       text12        00000
__Ltext13                       text13        00000
__Ltext14                       text14        00000
__Ltext15                       text15        00000
__Ltext16                       text16        00000
__Ltext17                       text17        00000
__Ltext18                       text18        00000
__Ltext19                       text19        00000
__Ltext2                        text2         00000
__Ltext20                       text20        00000
__Ltext21                       text21        00000
__Ltext22                       text22        00000
__Ltext23                       text23        00000
__Ltext24                       text24        00000
__Ltext25                       text25        00000
__Ltext26                       text26        00000
__Ltext27                       text27        00000
__Ltext28                       text28        00000
__Ltext29                       text29        00000
__Ltext3                        text3         00000
__Ltext31                       text31        00000
__Ltext32                       text32        00000
__Ltext33                       text33        00000
__Ltext34                       text34        00000
__Ltext35                       text35        00000
__Ltext36                       text36        00000
__Ltext37                       text37        00000
__Ltext38                       text38        00000
__Ltext4                        text4         00000
__Ltext40                       text40        00000
__Ltext41                       text41        00000
__Ltext42                       text42        00000
__Ltext43                       text43        00000
__Ltext44                       text44        00000
__Ltext45                       text45        00000
__Ltext46                       text46        00000
__Ltext47                       text47        00000
__Ltext48                       text48        00000
__Ltext49                       text49        00000
__Ltext5                        text5         00000
__Ltext50                       text50        00000
__Ltext51                       text51        00000
__Ltext52                       text52        00000
__Ltext53                       text53        00000
__Ltext54                       text54        00000
__Ltext55                       text55        00000
__Ltext56                       text56        00000
__Ltext57                       text57        00000
__Ltext58                       text58        00000
__Ltext59                       text59        00000
__Ltext6                        text6         00000
__Ltext60                       text60        00000
__Ltext61                       text61        00000
__Ltext7                        text7         00000
__Ltext8                        text8         00000
__Ltext9                        text9         00000
__S0                            (abs)         10000
__S1                            (abs)         00236
___ftdiv                        text51        00E66
___ftdiv@cntr                   cstackBANK0   00089
___ftdiv@exp                    cstackBANK0   0008D
___ftdiv@f1                     cstackBANK0   0007E
___ftdiv@f2                     cstackBANK0   00081
___ftdiv@f3                     cstackBANK0   0008A
___ftdiv@sign                   cstackBANK0   0008E
___ftmul                        text50        00C3C
___ftmul@cntr                   cstackBANK0   0007C
___ftmul@exp                    cstackBANK0   00078
___ftmul@f1                     cstackBANK0   0006D
___ftmul@f2                     cstackBANK0   00070
___ftmul@f3_as_product          cstackBANK0   00079
___ftmul@sign                   cstackBANK0   0007D
___ftpack                       text53        01240
___ftpack@arg                   cstackBANK0   00060
___ftpack@exp                   cstackBANK0   00063
___ftpack@sign                  cstackBANK0   00064
___fttol                        text49        0105C
___fttol@exp1                   cstackBANK0   0009D
___fttol@f1                     cstackBANK0   0008F
___fttol@lval                   cstackBANK0   00099
___fttol@sign1                  cstackBANK0   00098
___lwmod                        text28        01EAA
___lwmod@counter                cstackBANK1   0019D
___lwmod@dividend               cstackBANK1   00198
___lwmod@divisor                cstackBANK1   0019A
___lwtoft                       text52        0256A
___lwtoft@c                     cstackBANK0   00068
___wmul                         text29        02292
___wmul@multiplicand            cstackBANK1   0019A
___wmul@multiplier              cstackBANK1   00198
___wmul@product                 cstackBANK1   0019C
__accesstop                     (abs)         00060
__activetblptr                  (abs)         00000
__end_of_Delay1KTCYx            text27        02918
__end_of_FromMainHigh_recvmsg   text45        027B2
__end_of_FromMainHigh_sendmsg   text23        0280C
__end_of_InterruptHandlerHigh   intcode_body  02114
__end_of_InterruptHandlerLow    intcodelo     000C2
__end_of_Open1USART             text2         0207C
__end_of_OpenTimer0             text5         0288E
__end_of_OpenTimer1             text4         02644
__end_of_Read1USART             text34        026B4
__end_of_ReadTimer1             text35        02950
__end_of_SleepIfOkay            text43        01FE4
__end_of_ToMainHigh_recvmsg     text15        02752
__end_of_ToMainHigh_sendmsg     text44        02838
__end_of_ToMainLow_recvmsg      text18        02782
__end_of_ToMainLow_sendmsg      text33        028D6
__end_of_WriteTimer0            text48        02974
__end_of_WriteTimer1            text36        02962
__end_of___ftdiv                text51        0105C
__end_of___ftmul                text50        00E66
__end_of___ftpack               text53        013CC
__end_of___fttol                text49        01240
__end_of___lwmod                text28        01F4A
__end_of___lwtoft               text52        025B6
__end_of___wmul                 text29        022FA
__end_of__initialization        cinit         027DA
__end_of_adcInit                text1         028B2
__end_of_adcIntHandler          text42        01A5E
__end_of_block_on_To_msgqueues  text11        01BEE
__end_of_check_msg              text26        0267C
__end_of_enable_interrupts      text10        02986
__end_of_enter_sleep_mode       text46        0298C
__end_of_handle_start           text47        01B38
__end_of_i2c_configure_slave    text3         01EAA
__end_of_i2c_int_handler        text40        0088A
__end_of_in_high_int            text14        02904
__end_of_in_low_int             text13        023BA
__end_of_in_main                text12        02470
__end_of_init_i2c               text8         0235C
__end_of_init_queue             text21        02220
__end_of_init_queues            text6         02292
__end_of_init_timer1_lthread    text7         0293E
__end_of_init_uart_recv         text9         028F0
__end_of_main                   text0         00C3C
__end_of_memcpy                 text25        024C6
__end_of_recv_msg               text22        0150C
__end_of_send_msg               text24        01864
__end_of_start_i2c_slave_reply  text17        0175E
__end_of_timer0_int_handler     text41        01E02
__end_of_timer0_lthread         text16        0297E
__end_of_timer1_int_handler     text31        02722
__end_of_timer1_lthread         text19        0219A
__end_of_uart_lthread           text20        0256A
__end_of_uart_recv_int_handler  text32        01CA4
__end_ofi1_memcpy               text38        025FE
__end_ofi1_send_msg             text37        01D56
__end_ofi2_ToMainLow_sendmsg    text57        02864
__end_ofi2_check_msg            text59        026EC
__end_ofi2_in_high_int          text55        0292C
__end_ofi2_in_low_int           text54        02418
__end_ofi2_memcpy               text60        0251C
__end_ofi2_recv_msg             text56        0164C
__end_ofi2_send_msg             text58        0196A
__initialization                cinit         027B2
__mediumconst                   mediumconst   00000
__pbssBANK0                     bssBANK0      000B0
__pbssBANK1                     bssBANK1      00100
__pbssBANK2                     bssBANK2      00200
__pbssCOMRAM                    bssCOMRAM     00032
__pcinit                        cinit         027B2
__pcstackBANK0                  cstackBANK0   00060
__pcstackBANK1                  cstackBANK1   00198
__pcstackCOMRAM                 cstackCOMRAM  00001
__pintcode                      intcode       00008
__pintcode_body                 intcode_body  0207C
__pintcodelo                    intcodelo     00018
__pnvBANK1                      nvBANK1       001F8
__pnvCOMRAM                     nvCOMRAM      00030
__ptext0                        text0         0088A
__ptext1                        text1         0288E
__ptext10                       text10        0297E
__ptext11                       text11        01B38
__ptext12                       text12        02418
__ptext13                       text13        0235C
__ptext14                       text14        028F0
__ptext15                       text15        02722
__ptext16                       text16        02974
__ptext17                       text17        0164C
__ptext18                       text18        02752
__ptext19                       text19        02114
__ptext2                        text2         01FE4
__ptext20                       text20        0251C
__ptext21                       text21        0219A
__ptext22                       text22        013CC
__ptext23                       text23        027E0
__ptext24                       text24        0175E
__ptext25                       text25        02470
__ptext26                       text26        02644
__ptext27                       text27        02904
__ptext28                       text28        01EAA
__ptext29                       text29        02292
__ptext3                        text3         01E02
__ptext31                       text31        026EC
__ptext32                       text32        01BEE
__ptext33                       text33        028B2
__ptext34                       text34        0267C
__ptext35                       text35        0293E
__ptext36                       text36        02950
__ptext37                       text37        01CA4
__ptext38                       text38        025B6
__ptext4                        text4         025FE
__ptext40                       text40        000C6
__ptext41                       text41        01D56
__ptext42                       text42        0196A
__ptext43                       text43        01F4A
__ptext44                       text44        0280C
__ptext45                       text45        02782
__ptext46                       text46        02986
__ptext47                       text47        01A5E
__ptext48                       text48        02962
__ptext49                       text49        0105C
__ptext5                        text5         02864
__ptext50                       text50        00C3C
__ptext51                       text51        00E66
__ptext52                       text52        0256A
__ptext53                       text53        01240
__ptext54                       text54        023BA
__ptext55                       text55        02918
__ptext56                       text56        0150C
__ptext57                       text57        02838
__ptext58                       text58        01864
__ptext59                       text59        026B4
__ptext6                        text6         02220
__ptext60                       text60        024C6
__ptext61                       text61        00000
__ptext7                        text7         0292C
__ptext8                        text8         022FA
__ptext9                        text9         028D6
__ramtop                        ramtop        00F00
__size_of_Delay1KTCYx           (abs)         00000
__size_of_FromMainHigh_recvmsg  (abs)         00000
__size_of_FromMainHigh_sendmsg  (abs)         00000
__size_of_InterruptHandlerHigh  (abs)         00000
__size_of_InterruptHandlerLow   (abs)         00000
__size_of_Open1USART            (abs)         00000
__size_of_OpenTimer0            (abs)         00000
__size_of_OpenTimer1            (abs)         00000
__size_of_Read1USART            (abs)         00000
__size_of_ReadTimer1            (abs)         00000
__size_of_SleepIfOkay           (abs)         00000
__size_of_ToMainHigh_recvmsg    (abs)         00000
__size_of_ToMainHigh_sendmsg    (abs)         00000
__size_of_ToMainLow_recvmsg     (abs)         00000
__size_of_ToMainLow_sendmsg     (abs)         00000
__size_of_WriteTimer0           (abs)         00000
__size_of_WriteTimer1           (abs)         00000
__size_of___ftdiv               (abs)         00000
__size_of___ftmul               (abs)         00000
__size_of___ftpack              (abs)         00000
__size_of___fttol               (abs)         00000
__size_of___lwmod               (abs)         00000
__size_of___lwtoft              (abs)         00000
__size_of___wmul                (abs)         00000
__size_of_adcInit               (abs)         00000
__size_of_adcIntHandler         (abs)         00000
__size_of_block_on_To_msgqueues (abs)         00000
__size_of_check_msg             (abs)         00000
__size_of_enable_interrupts     (abs)         00000
__size_of_enter_sleep_mode      (abs)         00000
__size_of_handle_start          (abs)         00000
__size_of_i2c_configure_slave   (abs)         00000
__size_of_i2c_int_handler       (abs)         00000
__size_of_in_high_int           (abs)         00000
__size_of_in_low_int            (abs)         00000
__size_of_in_main               (abs)         00000
__size_of_init_i2c              (abs)         00000
__size_of_init_queue            (abs)         00000
__size_of_init_queues           (abs)         00000
__size_of_init_timer1_lthread   (abs)         00000
__size_of_init_uart_recv        (abs)         00000
__size_of_main                  (abs)         00000
__size_of_memcpy                (abs)         00000
__size_of_recv_msg              (abs)         00000
__size_of_send_msg              (abs)         00000
__size_of_start_i2c_slave_reply (abs)         00000
__size_of_timer0_int_handler    (abs)         00000
__size_of_timer0_lthread        (abs)         00000
__size_of_timer1_int_handler    (abs)         00000
__size_of_timer1_lthread        (abs)         00000
__size_of_uart_lthread          (abs)         00000
__size_of_uart_recv_int_handler (abs)         00000
__size_ofi1_memcpy              (abs)         00000
__size_ofi1_send_msg            (abs)         00000
__size_ofi2_ToMainLow_sendmsg   (abs)         00000
__size_ofi2_check_msg           (abs)         00000
__size_ofi2_in_high_int         (abs)         00000
__size_ofi2_in_low_int          (abs)         00000
__size_ofi2_memcpy              (abs)         00000
__size_ofi2_recv_msg            (abs)         00000
__size_ofi2_send_msg            (abs)         00000
__smallconst                    smallconst    00000
_adcInit                        text1         0288E
_adcIntHandler                  text42        0196A
_block_on_To_msgqueues          text11        01B38
_check_msg                      text26        02644
_enable_interrupts              text10        0297E
_enter_sleep_mode               text46        02986
_handle_start                   text47        01A5E
_i2c_addressable_registers      bssBANK1      0016C
_i2c_configure_slave            text3         01E02
_i2c_int_handler                text40        000C6
_ic_ptr                         nvBANK1       001F8
_in_high_int                    text14        028F0
_in_low_int                     text13        0235C
_in_main                        text12        02418
_init_i2c                       text8         022FA
_init_queue                     text21        0219A
_init_queues                    text6         02220
_init_timer1_lthread            text7         0292C
_init_uart_recv                 text9         028D6
_main                           text0         0088A
_memcpy                         text25        02470
_recv_msg                       text22        013CC
_send_msg                       text24        0175E
_start_i2c_slave_reply          text17        0164C
_timer0_int_handler             text41        01D56
_timer0_lthread                 text16        02974
_timer1_int_handler             text31        026EC
_timer1_lthread                 text19        02114
_uart_lthread                   text20        0251C
_uart_recv_int_handler          text32        01BEE
_uc_ptr                         nvCOMRAM      00030
adcIntHandler@res               cstackBANK0   000A0
check_msg@qptr                  cstackBANK1   00198
end_of_initialization           cinit         027DA
handle_start@data_read          cstackBANK0   00060
i1_memcpy                       text38        025B6
i1_send_msg                     text37        01CA4
i1memcpy@d                      cstackCOMRAM  00007
i1memcpy@d1                     cstackCOMRAM  00001
i1memcpy@n                      cstackCOMRAM  00005
i1memcpy@s                      cstackCOMRAM  00009
i1memcpy@s1                     cstackCOMRAM  00003
i1send_msg@data                 cstackCOMRAM  0000F
i1send_msg@length               cstackCOMRAM  0000D
i1send_msg@msgtype              cstackCOMRAM  0000E
i1send_msg@qmsg                 cstackCOMRAM  00015
i1send_msg@qptr                 cstackCOMRAM  0000B
i1send_msg@slot                 cstackCOMRAM  00014
i1send_msg@tlength              cstackCOMRAM  00012
i2ToMainLow_sendmsg@data        cstackBANK0   00078
i2ToMainLow_sendmsg@length      cstackBANK0   00076
i2ToMainLow_sendmsg@msgtype     cstackBANK0   00077
i2_ToMainLow_sendmsg            text57        02838
i2_check_msg                    text59        026B4
i2_in_high_int                  text55        02918
i2_in_low_int                   text54        023BA
i2_memcpy                       text60        024C6
i2_recv_msg                     text56        0150C
i2_send_msg                     text58        01864
i2c_configure_slave@addr        cstackBANK1   0019E
i2c_configure_slave@i           cstackBANK1   0019F
i2c_int_handler@data_read       cstackBANK0   00084
i2c_int_handler@data_written    cstackBANK0   0007F
i2c_int_handler@error_buf       cstackBANK0   0007C
i2c_int_handler@i2c_data        cstackBANK0   00081
i2c_int_handler@msg_ready       cstackBANK0   00083
i2c_int_handler@msg_to_send     cstackBANK0   00082
i2c_int_handler@overrun_error   cstackBANK0   00080
i2check_msg@qptr                cstackBANK0   00060
i2memcpy@d                      cstackBANK0   00066
i2memcpy@d1                     cstackBANK0   00060
i2memcpy@n                      cstackBANK0   00064
i2memcpy@s                      cstackBANK0   00068
i2memcpy@s1                     cstackBANK0   00062
i2recv_msg@data                 cstackBANK0   0006F
i2recv_msg@maxlength            cstackBANK0   0006C
i2recv_msg@msgtype              cstackBANK0   0006D
i2recv_msg@qmsg                 cstackBANK0   00076
i2recv_msg@qptr                 cstackBANK0   0006A
i2recv_msg@slot                 cstackBANK0   00073
i2recv_msg@tlength              cstackBANK0   00074
i2send_msg@data                 cstackBANK0   0006E
i2send_msg@length               cstackBANK0   0006C
i2send_msg@msgtype              cstackBANK0   0006D
i2send_msg@qmsg                 cstackBANK0   00074
i2send_msg@qptr                 cstackBANK0   0006A
i2send_msg@slot                 cstackBANK0   00073
i2send_msg@tlength              cstackBANK0   00071
init_i2c@ic                     cstackBANK1   00198
init_queue@i                    cstackBANK1   0019B
init_queue@qptr                 cstackBANK1   00198
init_timer1_lthread@tptr        cstackBANK1   00198
init_uart_recv@uc               cstackBANK1   00198
int_func                        intcode_body  0207C
intlevel0                       text          00000
intlevel1                       text          00000
intlevel2                       text          00000
intlevel3                       text          00000
main@ic                         cstackBANK1   001DC
main@last_reg_recvd             cstackBANK1   001D0
main@length                     cstackBANK1   001DB
main@msgbuffer                  cstackBANK1   001C1
main@msgtype                    cstackBANK1   001DA
main@t0thread_data              cstackBANK1   001CE
main@t1thread_data              cstackBANK1   001D8
main@tmpPtr                     cstackBANK1   001D1
main@uc                         cstackBANK1   001D3
main@uthread_data               cstackBANK1   001CC
memcpy@d                        cstackBANK1   0019E
memcpy@d1                       cstackBANK1   00198
memcpy@n                        cstackBANK1   0019C
memcpy@s                        cstackBANK1   001A0
memcpy@s1                       cstackBANK1   0019A
recv_msg@data                   cstackBANK1   001A7
recv_msg@maxlength              cstackBANK1   001A4
recv_msg@msgtype                cstackBANK1   001A5
recv_msg@qmsg                   cstackBANK1   001AE
recv_msg@qptr                   cstackBANK1   001A2
recv_msg@slot                   cstackBANK1   001AB
recv_msg@tlength                cstackBANK1   001AC
send_msg@data                   cstackBANK1   001A6
send_msg@length                 cstackBANK1   001A4
send_msg@msgtype                cstackBANK1   001A5
send_msg@qmsg                   cstackBANK1   001AC
send_msg@qptr                   cstackBANK1   001A2
send_msg@slot                   cstackBANK1   001AB
send_msg@tlength                cstackBANK1   001A9
start                           init          000C2
start_i2c_slave_reply@length    cstackBANK1   00198
start_i2c_slave_reply@msg       cstackBANK1   00199
start_initialization            cinit         027B2
timer0_int_handler@length       cstackBANK0   0007F
timer0_int_handler@msgtype      cstackBANK0   00081
timer0_int_handler@val          cstackBANK0   00083
timer0_lthread@msgbuffer        cstackBANK1   0019E
timer0_lthread@msgval           cstackBANK1   001A0
timer1_int_handler@result       cstackCOMRAM  0001D
timer1_lthread@retval           cstackBANK1   001BC
timer1_lthread@tptr             cstackBANK1   001B2
uart_lthread@length             cstackBANK1   0019C
uart_lthread@msgbuffer          cstackBANK1   0019E
uart_lthread@msgtype            cstackBANK1   0019A


FUNCTION INFORMATION:

 *************** function _main *****************
 Defined at:
		line 124 in file "../src/main.c"
 Parameters:    Size  Location     Type
		None
 Auto vars:     Size  Location     Type
  tmpPtr          2   57[BANK1 ] PTR struct __msg
		 -> i2c_addressable_registers(44), 
  ic             28   68[BANK1 ] struct __i2c_comm
  msgbuffer      11   41[BANK1 ] unsigned char [11]
  uc              5   59[BANK1 ] struct __uart_comm
  t1thread_dat    2   64[BANK1 ] struct __timer1_thread_s
  t0thread_dat    2   54[BANK1 ] struct __timer0_thread_s
  uthread_data    2   52[BANK1 ] struct __uart_thread_str
  length          1   67[BANK1 ] char 
  msgtype         1   66[BANK1 ] unsigned char 
  last_reg_rec    1   56[BANK1 ] unsigned char 
  i               1    0        unsigned char 
  c               1    0        unsigned char 
 Return value:  Size  Location     Type
		None               void
 Registers used:
		wreg, fsr0l, fsr0h, fsr1l, fsr1h, fsr2l, fsr2h, status,2, status,0, pclat, tosl, structret, tblptrl, tblptrh, tblptru, prodl, prodh, bsr, cstack
 Tracked objects:
		On entry : 
		On exit  : 
		Unchanged: 
 Data sizes:     COMRAM   BANK0   BANK1   BANK2   BANK3   BANK4   BANK5   BANK6   BANK7   BANK8   BANK9  BANK10  BANK11  BANK12  BANK13  BANK14
      Params:         0       0       0       0       0       0       0       0       0       0       0       0       0       0       0       0
      Locals:         0       0      55       0       0       0       0       0       0       0       0       0       0       0       0       0
      Temps:          0       0       4       0       0       0       0       0       0       0       0       0       0       0       0       0
      Totals:         0       0      59       0       0       0       0       0       0       0       0       0       0       0       0       0
Total ram usage:       59 bytes
 Hardware stack levels required when called:   14
 This function calls:
		_init_uart_recv
		_init_i2c
		_init_timer1_lthread
		_init_queues
		_OpenTimer0
		_OpenTimer1
		_i2c_configure_slave
		_Open1USART
		_enable_interrupts
		_adcInit
		_block_on_To_msgqueues
		_ToMainHigh_recvmsg
		_timer0_lthread
		_start_i2c_slave_reply
		_ToMainLow_recvmsg
		_timer1_lthread
		_uart_lthread
 This function is called by:
		Startup code after reset
 This function uses a non-reentrant model


 *************** function _adcInit *****************
 Defined at:
		line 5 in file "../src/adcHelper.c"
 Parameters:    Size  Location     Type
		None
 Auto vars:     Size  Location     Type
		None
 Return value:  Size  Location     Type
		None               void
 Registers used:
		wreg, status,2
 Tracked objects:
		On entry : 
		On exit  : 
		Unchanged: 
 Data sizes:     COMRAM   BANK0   BANK1   BANK2   BANK3   BANK4   BANK5   BANK6   BANK7   BANK8   BANK9  BANK10  BANK11  BANK12  BANK13  BANK14
      Params:         0       0       0       0       0       0       0       0       0       0       0       0       0       0       0       0
      Locals:         0       0       0       0       0       0       0       0       0       0       0       0       0       0       0       0
      Temps:          0       0       0       0       0       0       0       0       0       0       0       0       0       0       0       0
      Totals:         0       0       0       0       0       0       0       0       0       0       0       0       0       0       0       0
Total ram usage:        0 bytes
 Hardware stack levels used:    1
 Hardware stack levels required when called:   10
 This function calls:
		Nothing
 This function is called by:
		_main
 This function uses a non-reentrant model


 *************** function _Open1USART *****************
 Defined at:
		line 125 in file "plib/USART/u1open.c"
 Parameters:    Size  Location     Type
  config          1    0[BANK1 ] unsigned char 
  spbrg           2    1[BANK1 ] unsigned int 
 Auto vars:     Size  Location     Type
		None
 Return value:  Size  Location     Type
		None               void
 Registers used:
		wreg, status,2
 Tracked objects:
		On entry : 
		On exit  : 
		Unchanged: 
 Data sizes:     COMRAM   BANK0   BANK1   BANK2   BANK3   BANK4   BANK5   BANK6   BANK7   BANK8   BANK9  BANK10  BANK11  BANK12  BANK13  BANK14
      Params:         0       0       3       0       0       0       0       0       0       0       0       0       0       0       0       0
      Locals:         0       0       0       0       0       0       0       0       0       0       0       0       0       0       0       0
      Temps:          0       0       0       0       0       0       0       0       0       0       0       0       0       0       0       0
      Totals:         0       0       3       0       0       0       0       0       0       0       0       0       0       0       0       0
Total ram usage:        3 bytes
 Hardware stack levels used:    1
 Hardware stack levels required when called:   10
 This function calls:
		Nothing
 This function is called by:
		_main
 This function uses a non-reentrant model


 *************** function _i2c_configure_slave *****************
 Defined at:
		line 284 in file "../src/my_i2c.c"
 Parameters:    Size  Location     Type
  addr            1    6[BANK1 ] unsigned char 
 Auto vars:     Size  Location     Type
  i               2    7[BANK1 ] int 
 Return value:  Size  Location     Type
		None               void
 Registers used:
		wreg, fsr2l, fsr2h, status,2, status,0, cstack
 Tracked objects:
		On entry : 
		On exit  : 
		Unchanged: 
 Data sizes:     COMRAM   BANK0   BANK1   BANK2   BANK3   BANK4   BANK5   BANK6   BANK7   BANK8   BANK9  BANK10  BANK11  BANK12  BANK13  BANK14
      Params:         0       0       1       0       0       0       0       0       0       0       0       0       0       0       0       0
      Locals:         0       0       2       0       0       0       0       0       0       0       0       0       0       0       0       0
      Temps:          0       0       0       0       0       0       0       0       0       0       0       0       0       0       0       0
      Totals:         0       0       3       0       0       0       0       0       0       0       0       0       0       0       0       0
Total ram usage:        3 bytes
 Hardware stack levels used:    1
 Hardware stack levels required when called:   11
 This function calls:
		___wmul
 This function is called by:
		_main
 This function uses a non-reentrant model


 *************** function _OpenTimer1 *****************
 Defined at:
		line 44 in file "plib/Timers/t1open.c"
 Parameters:    Size  Location     Type
  config          1    0[BANK1 ] unsigned char 
  config1         1    1[BANK1 ] unsigned char 
 Auto vars:     Size  Location     Type
		None
 Return value:  Size  Location     Type
		None               void
 Registers used:
		wreg, status,2, status,0
 Tracked objects:
		On entry : 
		On exit  : 
		Unchanged: 
 Data sizes:     COMRAM   BANK0   BANK1   BANK2   BANK3   BANK4   BANK5   BANK6   BANK7   BANK8   BANK9  BANK10  BANK11  BANK12  BANK13  BANK14
      Params:         0       0       2       0       0       0       0       0       0       0       0       0       0       0       0       0
      Locals:         0       0       0       0       0       0       0       0       0       0       0       0       0       0       0       0
      Temps:          0       0       1       0       0       0       0       0       0       0       0       0       0       0       0       0
      Totals:         0       0       3       0       0       0       0       0       0       0       0       0       0       0       0       0
Total ram usage:        3 bytes
 Hardware stack levels used:    1
 Hardware stack levels required when called:   10
 This function calls:
		Nothing
 This function is called by:
		_main
 This function uses a non-reentrant model


 *************** function _OpenTimer0 *****************
 Defined at:
		line 19 in file "plib/Timers/t0open.c"
 Parameters:    Size  Location     Type
  config          1    0[BANK1 ] unsigned char 
 Auto vars:     Size  Location     Type
		None
 Return value:  Size  Location     Type
		None               void
 Registers used:
		wreg, status,2, status,0
 Tracked objects:
		On entry : 
		On exit  : 
		Unchanged: 
 Data sizes:     COMRAM   BANK0   BANK1   BANK2   BANK3   BANK4   BANK5   BANK6   BANK7   BANK8   BANK9  BANK10  BANK11  BANK12  BANK13  BANK14
      Params:         0       0       1       0       0       0       0       0       0       0       0       0       0       0       0       0
      Locals:         0       0       0       0       0       0       0       0       0       0       0       0       0       0       0       0
      Temps:          0       0       0       0       0       0       0       0       0       0       0       0       0       0       0       0
      Totals:         0       0       1       0       0       0       0       0       0       0       0       0       0       0       0       0
Total ram usage:        1 bytes
 Hardware stack levels used:    1
 Hardware stack levels required when called:   10
 This function calls:
		Nothing
 This function is called by:
		_main
 This function uses a non-reentrant model


 *************** function _init_queues *****************
 Defined at:
		line 192 in file "../src/messages.c"
 Parameters:    Size  Location     Type
		None
 Auto vars:     Size  Location     Type
		None
 Return value:  Size  Location     Type
		None               void
 Registers used:
		wreg, fsr2l, fsr2h, status,2, status,0, prodl, prodh, cstack
 Tracked objects:
		On entry : 
		On exit  : 
		Unchanged: 
 Data sizes:     COMRAM   BANK0   BANK1   BANK2   BANK3   BANK4   BANK5   BANK6   BANK7   BANK8   BANK9  BANK10  BANK11  BANK12  BANK13  BANK14
      Params:         0       0       0       0       0       0       0       0       0       0       0       0       0       0       0       0
      Locals:         0       0       0       0       0       0       0       0       0       0       0       0       0       0       0       0
      Temps:          0       0       1       0       0       0       0       0       0       0       0       0       0       0       0       0
      Totals:         0       0       1       0       0       0       0       0       0       0       0       0       0       0       0       0
Total ram usage:        1 bytes
 Hardware stack levels used:    1
 Hardware stack levels required when called:   11
 This function calls:
		_init_queue
 This function is called by:
		_main
 This function uses a non-reentrant model


 *************** function _init_timer1_lthread *****************
 Defined at:
		line 6 in file "../src/timer1_thread.c"
 Parameters:    Size  Location     Type
  tptr            2    0[BANK1 ] PTR struct __timer1_thre
		 -> main@t1thread_data(2), 
 Auto vars:     Size  Location     Type
		None
 Return value:  Size  Location     Type
		None               void
 Registers used:
		wreg, fsr2l, fsr2h
 Tracked objects:
		On entry : 
		On exit  : 
		Unchanged: 
 Data sizes:     COMRAM   BANK0   BANK1   BANK2   BANK3   BANK4   BANK5   BANK6   BANK7   BANK8   BANK9  BANK10  BANK11  BANK12  BANK13  BANK14
      Params:         0       0       2       0       0       0       0       0       0       0       0       0       0       0       0       0
      Locals:         0       0       0       0       0       0       0       0       0       0       0       0       0       0       0       0
      Temps:          0       0       0       0       0       0       0       0       0       0       0       0       0       0       0       0
      Totals:         0       0       2       0       0       0       0       0       0       0       0       0       0       0       0       0
Total ram usage:        2 bytes
 Hardware stack levels used:    1
 Hardware stack levels required when called:   10
 This function calls:
		Nothing
 This function is called by:
		_main
 This function uses a non-reentrant model


 *************** function _init_i2c *****************
 Defined at:
		line 273 in file "../src/my_i2c.c"
 Parameters:    Size  Location     Type
  ic              2    0[BANK1 ] PTR struct __i2c_comm
		 -> main@ic(28), 
 Auto vars:     Size  Location     Type
		None
 Return value:  Size  Location     Type
		None               void
 Registers used:
		wreg, fsr2l, fsr2h, status,2, status,0
 Tracked objects:
		On entry : 
		On exit  : 
		Unchanged: 
 Data sizes:     COMRAM   BANK0   BANK1   BANK2   BANK3   BANK4   BANK5   BANK6   BANK7   BANK8   BANK9  BANK10  BANK11  BANK12  BANK13  BANK14
      Params:         0       0       2       0       0       0       0       0       0       0       0       0       0       0       0       0
      Locals:         0       0       0       0       0       0       0       0       0       0       0       0       0       0       0       0
      Temps:          0       0       0       0       0       0       0       0       0       0       0       0       0       0       0       0
      Totals:         0       0       2       0       0       0       0       0       0       0       0       0       0       0       0       0
Total ram usage:        2 bytes
 Hardware stack levels used:    1
 Hardware stack levels required when called:   10
 This function calls:
		Nothing
 This function is called by:
		_main
 This function uses a non-reentrant model


 *************** function _init_uart_recv *****************
 Defined at:
		line 40 in file "../src/my_uart.c"
 Parameters:    Size  Location     Type
  uc              2    0[BANK1 ] PTR struct __uart_comm
		 -> main@uc(5), 
 Auto vars:     Size  Location     Type
		None
 Return value:  Size  Location     Type
		None               void
 Registers used:
		wreg, fsr2l, fsr2h, status,2, status,0
 Tracked objects:
		On entry : 
		On exit  : 
		Unchanged: 
 Data sizes:     COMRAM   BANK0   BANK1   BANK2   BANK3   BANK4   BANK5   BANK6   BANK7   BANK8   BANK9  BANK10  BANK11  BANK12  BANK13  BANK14
      Params:         0       0       2       0       0       0       0       0       0       0       0       0       0       0       0       0
      Locals:         0       0       0       0       0       0       0       0       0       0       0       0       0       0       0       0
      Temps:          0       0       0       0       0       0       0       0       0       0       0       0       0       0       0       0
      Totals:         0       0       2       0       0       0       0       0       0       0       0       0       0       0       0       0
Total ram usage:        2 bytes
 Hardware stack levels used:    1
 Hardware stack levels required when called:   10
 This function calls:
		Nothing
 This function is called by:
		_main
 This function uses a non-reentrant model


 *************** function _enable_interrupts *****************
 Defined at:
		line 14 in file "../src/interrupts.c"
 Parameters:    Size  Location     Type
		None
 Auto vars:     Size  Location     Type
		None
 Return value:  Size  Location     Type
		None               void
 Registers used:
		None
 Tracked objects:
		On entry : 
		On exit  : 
		Unchanged: 
 Data sizes:     COMRAM   BANK0   BANK1   BANK2   BANK3   BANK4   BANK5   BANK6   BANK7   BANK8   BANK9  BANK10  BANK11  BANK12  BANK13  BANK14
      Params:         0       0       0       0       0       0       0       0       0       0       0       0       0       0       0       0
      Locals:         0       0       0       0       0       0       0       0       0       0       0       0       0       0       0       0
      Temps:          0       0       0       0       0       0       0       0       0       0       0       0       0       0       0       0
      Totals:         0       0       0       0       0       0       0       0       0       0       0       0       0       0       0       0
Total ram usage:        0 bytes
 Hardware stack levels used:    1
 Hardware stack levels required when called:   10
 This function calls:
		Nothing
 This function is called by:
		_main
 This function uses a non-reentrant model


 *************** function _block_on_To_msgqueues *****************
 Defined at:
		line 256 in file "../src/messages.c"
 Parameters:    Size  Location     Type
		None
 Auto vars:     Size  Location     Type
		None
 Return value:  Size  Location     Type
		None               void
 Registers used:
		wreg, fsr2l, fsr2h, status,2, status,0, prodl, prodh, cstack
 Tracked objects:
		On entry : 
		On exit  : 
		Unchanged: 
 Data sizes:     COMRAM   BANK0   BANK1   BANK2   BANK3   BANK4   BANK5   BANK6   BANK7   BANK8   BANK9  BANK10  BANK11  BANK12  BANK13  BANK14
      Params:         0       0       0       0       0       0       0       0       0       0       0       0       0       0       0       0
      Locals:         0       0       0       0       0       0       0       0       0       0       0       0       0       0       0       0
      Temps:          0       0       1       0       0       0       0       0       0       0       0       0       0       0       0       0
      Totals:         0       0       1       0       0       0       0       0       0       0       0       0       0       0       0       0
Total ram usage:        1 bytes
 Hardware stack levels used:    1
 Hardware stack levels required when called:   13
 This function calls:
		_in_main
		_check_msg
		_Delay1KTCYx
 This function is called by:
		_main
 This function uses a non-reentrant model


 *************** function _in_main *****************
 Defined at:
		line 40 in file "../src/interrupts.c"
 Parameters:    Size  Location     Type
		None
 Auto vars:     Size  Location     Type
		None
 Return value:  Size  Location     Type
                  2    4[BANK1 ] int 
 Registers used:
		wreg, status,2, status,0, cstack
 Tracked objects:
		On entry : 
		On exit  : 
		Unchanged: 
 Data sizes:     COMRAM   BANK0   BANK1   BANK2   BANK3   BANK4   BANK5   BANK6   BANK7   BANK8   BANK9  BANK10  BANK11  BANK12  BANK13  BANK14
      Params:         0       0       2       0       0       0       0       0       0       0       0       0       0       0       0       0
      Locals:         0       0       0       0       0       0       0       0       0       0       0       0       0       0       0       0
      Temps:          0       0       0       0       0       0       0       0       0       0       0       0       0       0       0       0
      Totals:         0       0       2       0       0       0       0       0       0       0       0       0       0       0       0       0
Total ram usage:        2 bytes
 Hardware stack levels used:    1
 Hardware stack levels required when called:   12
 This function calls:
		_in_low_int
		_in_high_int
 This function is called by:
		_block_on_To_msgqueues
 This function uses a non-reentrant model


 *************** function _in_low_int *****************
 Defined at:
		line 30 in file "../src/interrupts.c"
 Parameters:    Size  Location     Type
		None
 Auto vars:     Size  Location     Type
		None
 Return value:  Size  Location     Type
                  2    2[BANK1 ] int 
 Registers used:
		wreg, status,2, status,0, cstack
 Tracked objects:
		On entry : 
		On exit  : 
		Unchanged: 
 Data sizes:     COMRAM   BANK0   BANK1   BANK2   BANK3   BANK4   BANK5   BANK6   BANK7   BANK8   BANK9  BANK10  BANK11  BANK12  BANK13  BANK14
      Params:         0       0       2       0       0       0       0       0       0       0       0       0       0       0       0       0
      Locals:         0       0       0       0       0       0       0       0       0       0       0       0       0       0       0       0
      Temps:          0       0       0       0       0       0       0       0       0       0       0       0       0       0       0       0
      Totals:         0       0       2       0       0       0       0       0       0       0       0       0       0       0       0       0
[...]
 Auto vars:     Size  Location     Type
		None
 Return value:  Size  Location     Type
                  3    8[BANK0 ] float 
 Registers used:
		wreg, status,2, status,0, cstack
 Tracked objects:
		On entry : 
		On exit  : 
		Unchanged: 
 Data sizes:     COMRAM   BANK0   BANK1   BANK2   BANK3   BANK4   BANK5   BANK6   BANK7   BANK8   BANK9  BANK10  BANK11  BANK12  BANK13  BANK14
      Params:         0       3       0       0       0       0       0       0       0       0       0       0       0       0       0       0
      Locals:         0       0       0       0       0       0       0       0       0       0       0       0       0       0       0       0
      Temps:          0       2       0       0       0       0       0       0       0       0       0       0       0       0       0       0
      Totals:         0       5       0       0       0       0       0       0       0       0       0       0       0       0       0       0
Total ram usage:        5 bytes
 Hardware stack levels used:    1
 Hardware stack levels required when called:    1
 This function calls:
		___ftpack
 This function is called by:
		_adcIntHandler
 This function uses a non-reentrant model


 *************** function ___ftpack *****************
 Defined at:
		line 63 in file "/Applications/microchip/xc8/v1.12/sources/float.c"
 Parameters:    Size  Location     Type
  arg             3    0[BANK0 ] unsigned um
  exp             1    3[BANK0 ] unsigned char 
  sign            1    4[BANK0 ] unsigned char 
 Auto vars:     Size  Location     Type
		None
 Return value:  Size  Location     Type
                  3    0[BANK0 ] float 
 Registers used:
		wreg, status,2, status,0
 Tracked objects:
		On entry : 
		On exit  : 
		Unchanged: 
 Data sizes:     COMRAM   BANK0   BANK1   BANK2   BANK3   BANK4   BANK5   BANK6   BANK7   BANK8   BANK9  BANK10  BANK11  BANK12  BANK13  BANK14
      Params:         0       5       0       0       0       0       0       0       0       0       0       0       0       0       0       0
      Locals:         0       0       0       0       0       0       0       0       0       0       0       0       0       0       0       0
      Temps:          0       3       0       0       0       0       0       0       0       0       0       0       0       0       0       0
      Totals:         0       8       0       0       0       0       0       0       0       0       0       0       0       0       0       0
Total ram usage:        8 bytes
 Hardware stack levels used:    1
 This function calls:
		Nothing
 This function is called by:
		___ftdiv
		___ftmul
		___lwtoft
 This function uses a non-reentrant model


 *************** function i2_in_low_int *****************
 Defined at:
		line 30 in file "../src/interrupts.c"
 Parameters:    Size  Location     Type
		None
 Auto vars:     Size  Location     Type
		None
 Return value:  Size  Location     Type
                  2    2[BANK0 ] int 
 Registers used:
		wreg, status,2, status,0, cstack
 Tracked objects:
		On entry : 
		On exit  : 
		Unchanged: 
 Data sizes:     COMRAM   BANK0   BANK1   BANK2   BANK3   BANK4   BANK5   BANK6   BANK7   BANK8   BANK9  BANK10  BANK11  BANK12  BANK13  BANK14
      Params:         0       2       0       0       0       0       0       0       0       0       0       0       0       0       0       0
      Locals:         0       0       0       0       0       0       0       0       0       0       0       0       0       0       0       0
      Temps:          0       0       0       0       0       0       0       0       0       0       0       0       0       0       0       0
      Totals:         0       2       0       0       0       0       0       0       0       0       0       0       0       0       0       0
Total ram usage:        2 bytes
 Hardware stack levels used:    1
 Hardware stack levels required when called:    1
 This function calls:
		i2_in_high_int
 This function is called by:
		_SleepIfOkay
 This function uses a non-reentrant model


 *************** function i2_in_high_int *****************
 Defined at:
		line 22 in file "../src/interrupts.c"
 Parameters:    Size  Location     Type
		None
 Auto vars:     Size  Location     Type
		None
 Return value:  Size  Location     Type
                  2    0[BANK0 ] int 
 Registers used:
		wreg, status,2
 Tracked objects:
		On entry : 
		On exit  : 
		Unchanged: 
 Data sizes:     COMRAM   BANK0   BANK1   BANK2   BANK3   BANK4   BANK5   BANK6   BANK7   BANK8   BANK9  BANK10  BANK11  BANK12  BANK13  BANK14
      Params:         0       2       0       0       0       0       0       0       0       0       0       0       0       0       0       0
      Locals:         0       0       0       0       0       0       0       0       0       0       0       0       0       0       0       0
      Temps:          0       0       0       0       0       0       0       0       0       0       0       0       0       0       0       0
      Totals:         0       2       0       0       0       0       0       0       0       0       0       0       0       0       0       0
Total ram usage:        2 bytes
 Hardware stack levels used:    1
 This function calls:
		Nothing
 This function is called by:
		_SleepIfOkay
		i2_in_low_int
 This function uses a non-reentrant model


 *************** function i2_recv_msg *****************
 Defined at:
		line 61 in file "../src/messages.c"
 Parameters:    Size  Location     Type
  recv_msg        2   10[BANK0 ] PTR struct __msg_queue
		 -> FromMainHigh_MQ(54), FromMainLow_MQ(54), ToMainHigh_MQ(54), ToMainLow_MQ(54), 
  recv_msg        1   12[BANK0 ] unsigned char 
  recv_msg        2   13[BANK0 ] PTR unsigned char 
		 -> timer0_int_handler@msgtype(2), main@msgtype(1), 
  recv_msg        2   15[BANK0 ] PTR void 
		 -> timer0_int_handler@val(2), main@msgbuffer(11), 
 Auto vars:     Size  Location     Type
  recv_msg        2   22[BANK0 ] PTR struct __msg
		 -> FromMainHigh_MQ(54), FromMainLow_MQ(54), ToMainHigh_MQ(54), ToMainLow_MQ(54), 
  recv_msg        2   20[BANK0 ] unsigned int 
  recv_msg        1   19[BANK0 ] unsigned char 
 Return value:  Size  Location     Type
                  1    wreg      char 
 Registers used:
		wreg, fsr1l, fsr1h, fsr2l, fsr2h, status,2, status,0, prodl, prodh, cstack
 Tracked objects:
		On entry : 
		On exit  : 
		Unchanged: 
 Data sizes:     COMRAM   BANK0   BANK1   BANK2   BANK3   BANK4   BANK5   BANK6   BANK7   BANK8   BANK9  BANK10  BANK11  BANK12  BANK13  BANK14
      Params:         0       7       0       0       0       0       0       0       0       0       0       0       0       0       0       0
      Locals:         0       5       0       0       0       0       0       0       0       0       0       0       0       0       0       0
      Temps:          0       2       0       0       0       0       0       0       0       0       0       0       0       0       0       0
      Totals:         0      14       0       0       0       0       0       0       0       0       0       0       0       0       0       0
Total ram usage:       14 bytes
 Hardware stack levels used:    1
 Hardware stack levels required when called:    1
 This function calls:
		i2_memcpy
 This function is called by:
		_FromMainHigh_recvmsg
 This function uses a non-reentrant model


 *************** function i2_ToMainLow_sendmsg *****************
 Defined at:
		line 101 in file "../src/messages.c"
 Parameters:    Size  Location     Type
  ToMainLow_se    1   22[BANK0 ] unsigned char 
  ToMainLow_se    1   23[BANK0 ] unsigned char 
  ToMainLow_se    2   24[BANK0 ] PTR void 
		 -> adcIntHandler@res(2), NULL(0), main@uc(5), 
 Auto vars:     Size  Location     Type
		None
 Return value:  Size  Location     Type
                  1    wreg      char 
 Registers used:
		wreg, fsr1l, fsr1h, fsr2l, fsr2h, status,2, status,0, prodl, prodh, cstack
 Tracked objects:
		On entry : 
		On exit  : 
		Unchanged: 
 Data sizes:     COMRAM   BANK0   BANK1   BANK2   BANK3   BANK4   BANK5   BANK6   BANK7   BANK8   BANK9  BANK10  BANK11  BANK12  BANK13  BANK14
      Params:         0       4       0       0       0       0       0       0       0       0       0       0       0       0       0       0
      Locals:         0       0       0       0       0       0       0       0       0       0       0       0       0       0       0       0
      Temps:          0       0       0       0       0       0       0       0       0       0       0       0       0       0       0       0
      Totals:         0       4       0       0       0       0       0       0       0       0       0       0       0       0       0       0
Total ram usage:        4 bytes
 Hardware stack levels used:    1
 Hardware stack levels required when called:    2
 This function calls:
		i2_send_msg
 This function is called by:
		_adcIntHandler
 This function uses a non-reentrant model


 *************** function i2_send_msg *****************
 Defined at:
		line 24 in file "../src/messages.c"
 Parameters:    Size  Location     Type
  send_msg        2   10[BANK0 ] PTR struct __msg_queue
		 -> FromMainHigh_MQ(54), FromMainLow_MQ(54), ToMainHigh_MQ(54), ToMainLow_MQ(54), 
  send_msg        1   12[BANK0 ] unsigned char 
  send_msg        1   13[BANK0 ] unsigned char 
  send_msg        2   14[BANK0 ] PTR void 
		 -> adcIntHandler@res(2), timer0_int_handler@val(2), NULL(0), i2c_int_handler@error_buf(3), 
		 -> main@t1thread_data(2), main@ic(28), main@uc(5), 
 Auto vars:     Size  Location     Type
  send_msg        2   20[BANK0 ] PTR struct __msg
		 -> FromMainHigh_MQ(54), FromMainLow_MQ(54), ToMainHigh_MQ(54), ToMainLow_MQ(54), 
  send_msg        2   17[BANK0 ] unsigned int 
  send_msg        1   19[BANK0 ] unsigned char 
 Return value:  Size  Location     Type
                  1    wreg      char 
 Registers used:
		wreg, fsr1l, fsr1h, fsr2l, fsr2h, status,2, status,0, prodl, prodh, cstack
 Tracked objects:
		On entry : 
		On exit  : 
		Unchanged: 
 Data sizes:     COMRAM   BANK0   BANK1   BANK2   BANK3   BANK4   BANK5   BANK6   BANK7   BANK8   BANK9  BANK10  BANK11  BANK12  BANK13  BANK14
      Params:         0       6       0       0       0       0       0       0       0       0       0       0       0       0       0       0
      Locals:         0       5       0       0       0       0       0       0       0       0       0       0       0       0       0       0
      Temps:          0       1       0       0       0       0       0       0       0       0       0       0       0       0       0       0
      Totals:         0      12       0       0       0       0       0       0       0       0       0       0       0       0       0       0
Total ram usage:       12 bytes
 Hardware stack levels used:    1
 Hardware stack levels required when called:    1
 This function calls:
		i2_memcpy
 This function is called by:
		_ToMainHigh_sendmsg
		i2_ToMainLow_sendmsg
 This function uses a non-reentrant model


 *************** function i2_check_msg *****************
 Defined at:
		line 220 in file "../src/messages.c"
 Parameters:    Size  Location     Type
  check_msg       2    0[BANK0 ] PTR struct __msg_queue
		 -> ToMainHigh_MQ(54), ToMainLow_MQ(54), 
 Auto vars:     Size  Location     Type
		None
 Return value:  Size  Location     Type
                  1    wreg      unsigned char 
 Registers used:
		wreg, fsr2l, fsr2h, status,2, status,0, prodl, prodh
 Tracked objects:
		On entry : 
		On exit  : 
		Unchanged: 
 Data sizes:     COMRAM   BANK0   BANK1   BANK2   BANK3   BANK4   BANK5   BANK6   BANK7   BANK8   BANK9  BANK10  BANK11  BANK12  BANK13  BANK14
      Params:         0       2       0       0       0       0       0       0       0       0       0       0       0       0       0       0
      Locals:         0       0       0       0       0       0       0       0       0       0       0       0       0       0       0       0
      Temps:          0       1       0       0       0       0       0       0       0       0       0       0       0       0       0       0
      Totals:         0       3       0       0       0       0       0       0       0       0       0       0       0       0       0       0
Total ram usage:        3 bytes
 Hardware stack levels used:    1
 This function calls:
		Nothing
 This function is called by:
		_SleepIfOkay
 This function uses a non-reentrant model


 *************** function i2_memcpy *****************
 Defined at:
		line 13 in file "/Applications/microchip/xc8/v1.12/sources/memcpy.c"
 Parameters:    Size  Location     Type
  memcpy          2    0[BANK0 ] PTR void 
		 -> timer0_int_handler@val(2), FromMainHigh_MQ(54), FromMainLow_MQ(54), ToMainHigh_MQ(54), 
		 -> ToMainLow_MQ(54), main@msgbuffer(11), 
  memcpy          2    2[BANK0 ] PTR const void 
		 -> adcIntHandler@res(2), timer0_int_handler@val(2), NULL(0), i2c_int_handler@error_buf(3), 
		 -> FromMainHigh_MQ(54), FromMainLow_MQ(54), ToMainHigh_MQ(54), ToMainLow_MQ(54), 
		 -> main@t1thread_data(2), main@ic(28), main@uc(5), 
  memcpy          2    4[BANK0 ] unsigned int 
 Auto vars:     Size  Location     Type
  memcpy          2    8[BANK0 ] PTR const unsigned char 
		 -> adcIntHandler@res(2), timer0_int_handler@val(2), NULL(0), i2c_int_handler@error_buf(3), 
		 -> FromMainHigh_MQ(54), FromMainLow_MQ(54), ToMainHigh_MQ(54), ToMainLow_MQ(54), 
		 -> main@t1thread_data(2), main@ic(28), main@uc(5), 
  memcpy          2    6[BANK0 ] PTR unsigned char 
		 -> timer0_int_handler@val(2), FromMainHigh_MQ(54), FromMainLow_MQ(54), ToMainHigh_MQ(54), 
		 -> ToMainLow_MQ(54), main@msgbuffer(11), 
 Return value:  Size  Location     Type
                  2    0[BANK0 ] PTR void 
 Registers used:
		wreg, fsr1l, fsr1h, fsr2l, fsr2h, status,2, status,0
 Tracked objects:
		On entry : 
		On exit  : 
		Unchanged: 
 Data sizes:     COMRAM   BANK0   BANK1   BANK2   BANK3   BANK4   BANK5   BANK6   BANK7   BANK8   BANK9  BANK10  BANK11  BANK12  BANK13  BANK14
      Params:         0       6       0       0       0       0       0       0       0       0       0       0       0       0       0       0
      Locals:         0       4       0       0       0       0       0       0       0       0       0       0       0       0       0       0
      Temps:          0       0       0       0       0       0       0       0       0       0       0       0       0       0       0       0
      Totals:         0      10       0       0       0       0       0       0       0       0       0       0       0       0       0       0
Total ram usage:       10 bytes
 Hardware stack levels used:    1
 This function calls:
		Nothing
 This function is called by:
		i2_send_msg
		i2_recv_msg
 This function uses a non-reentrant model



MODULE INFORMATION

Module		Function		Class		Link	Load	Size
/Applications/microchip/xc8/v1.12/sources/memcpy.c
		_memcpy        		CODE           	2470	0000	86

/Applications/microchip/xc8/v1.12/sources/memcpy.c estimated size: 86

plib/Timers/t0open.c
		_OpenTimer0    		CODE           	2864	0000	42

plib/Timers/t0open.c estimated size: 42

plib/Timers/t1open.c
		_OpenTimer1    		CODE           	25FE	0000	70

plib/Timers/t1open.c estimated size: 70

/Applications/microchip/xc8/v1.12/sources/ftdiv.c
		___ftdiv       		CODE           	0E66	0000	502

/Applications/microchip/xc8/v1.12/sources/ftdiv.c estimated size: 502

../src/user_interrupts.c
		_timer0_int_han		CODE           	1D56	0000	172
		_timer1_int_han		CODE           	26EC	0000	54

../src/user_interrupts.c estimated size: 226

/Applications/microchip/xc8/v1.12/sources/lwtoft.c
		___lwtoft      		CODE           	256A	0000	76

/Applications/microchip/xc8/v1.12/sources/lwtoft.c estimated size: 76

plib/USART/u1open.c
		_Open1USART    		CODE           	1FE4	0000	152

plib/USART/u1open.c estimated size: 152

../src/timer0_thread.c
		_timer0_lthread		CODE           	2974	0000	10

../src/timer0_thread.c estimated size: 10

shared
		i1_send_msg    		CODE           	1CA4	0000	178
		i2_send_msg    		CODE           	1864	0000	262
		i2_in_high_int 		CODE           	2918	0000	20
		i2_recv_msg    		CODE           	150C	0000	320
		__initializatio		CODE           	27B2	0000	40
		i2_in_low_int  		CODE           	23BA	0000	94
		i2_ToMainLow_se		CODE           	2838	0000	44
		i1_memcpy      		CODE           	25B6	0000	72
		i2_memcpy      		CODE           	24C6	0000	86
		i2_check_msg   		CODE           	26B4	0000	56

shared estimated size: 1172

/Applications/microchip/xc8/v1.12/sources/ftmul.c
		___ftmul       		CODE           	0C3C	0000	554

/Applications/microchip/xc8/v1.12/sources/ftmul.c estimated size: 554

/Applications/microchip/xc8/v1.12/sources/fttol.c
		___fttol       		CODE           	105C	0000	484

/Applications/microchip/xc8/v1.12/sources/fttol.c estimated size: 484

../src/my_i2c.c
		_start_i2c_slav		CODE           	164C	0000	274
		_handle_start  		CODE           	1A5E	0000	218
		_i2c_configure_		CODE           	1E02	0000	168
		_init_i2c      		CODE           	22FA	0000	98
		_i2c_int_handle		CODE           	00C6	0000	1988

../src/my_i2c.c estimated size: 2746

../src/timer1_thread.c
		_timer1_lthread		CODE           	2114	0000	134
		_init_timer1_lt		CODE           	292C	0000	18

../src/timer1_thread.c estimated size: 152

plib/Timers/t0write.c
		_WriteTimer0   		CODE           	2962	0000	18

plib/Timers/t0write.c estimated size: 18

plib/Timers/t1write.c
		_WriteTimer1   		CODE           	2950	0000	18

plib/Timers/t1write.c estimated size: 18

/Applications/microchip/xc8/v1.12/sources/wmul.c
		___wmul        		CODE           	2292	0000	104

/Applications/microchip/xc8/v1.12/sources/wmul.c estimated size: 104

../src/uart_thread.c
		_uart_lthread  		CODE           	251C	0000	78

../src/uart_thread.c estimated size: 78

/Applications/microchip/xc8/v1.12/sources/lwmod.c
		___lwmod       		CODE           	1EAA	0000	160

/Applications/microchip/xc8/v1.12/sources/lwmod.c estimated size: 160

../src/adcHelper.c
		_adcIntHandler 		CODE           	196A	0000	244
		_adcInit       		CODE           	288E	0000	36

../src/adcHelper.c estimated size: 280

../common/d1ktcyx.c
		_Delay1KTCYx   		CODE           	2904	0000	20

../common/d1ktcyx.c estimated size: 20

../src/interrupts.c
		_enable_interru		CODE           	297E	0000	8
		_in_low_int    		CODE           	235C	0000	94
		_in_main       		CODE           	2418	0000	88
		_in_high_int   		CODE           	28F0	0000	20
		_InterruptHandl		CODE           	0018	0000	170
		_InterruptHandl		CODE           	0008	0000	8460

../src/interrupts.c estimated size: 8840

plib/Timers/t1read.c
		_ReadTimer1    		CODE           	293E	0000	18

plib/Timers/t1read.c estimated size: 18

/Applications/microchip/xc8/v1.12/sources/float.c
		___ftpack      		CODE           	1240	0000	396

/Applications/microchip/xc8/v1.12/sources/float.c estimated size: 396

../src/my_uart.c
		_init_uart_recv		CODE           	28D6	0000	26
		_uart_recv_int_		CODE           	1BEE	0000	182

../src/my_uart.c estimated size: 208

../src/messages.c
		_ToMainHigh_sen		CODE           	280C	0000	44
		_ToMainHigh_rec		CODE           	2722	0000	48
		_block_on_To_ms		CODE           	1B38	0000	182
		_check_msg     		CODE           	2644	0000	56
		_ToMainLow_send		CODE           	28B2	0000	36
		_ToMainLow_recv		CODE           	2752	0000	48
		_FromMainHigh_s		CODE           	27E0	0000	44
		_enter_sleep_mo		CODE           	2986	0000	6
		_send_msg      		CODE           	175E	0000	262
		_FromMainHigh_r		CODE           	2782	0000	48
		_init_queue    		CODE           	219A	0000	134
		_init_queues   		CODE           	2220	0000	114
		_recv_msg      		CODE           	13CC	0000	320
		_SleepIfOkay   		CODE           	1F4A	0000	154

../src/messages.c estimated size: 1496

plib/USART/u1read.c
		_Read1USART    		CODE           	267C	0000	56

plib/USART/u1read.c estimated size: 56

../src/main.c
		_main          		CODE           	088A	0000	946

../src/main.c estimated size: 946

